../Core/Src/main.c:174:6:UART_Handle	9
../Core/Src/main.c:201:6:UartIdle_Init	1
../Core/Src/main.c:206:6:HAL_UARTEx_RxEventCallback	2
../Core/Src/main.c:214:7:p	1
../Core/Src/main.c:220:6:HAL_TIM_PeriodElapsedCallback	15
../Core/Src/main.c:294:6:SetHome	41
../Core/Src/main.c:396:6:HAL_GPIO_EXTI_Callback	13
../Core/Src/main.c:428:5:main	2
../Core/Src/main.c:540:6:SystemClock_Config	3
../Core/Src/main.c:587:13:MX_TIM1_Init	3
../Core/Src/main.c:637:13:MX_TIM2_Init	3
../Core/Src/main.c:686:13:MX_TIM3_Init	3
../Core/Src/main.c:735:13:MX_TIM4_Init	9
../Core/Src/main.c:806:13:MX_TIM5_Init	3
../Core/Src/main.c:855:13:MX_TIM8_Init	8
../Core/Src/main.c:934:13:MX_TIM9_Init	6
../Core/Src/main.c:990:13:MX_USART3_UART_Init	2
../Core/Src/main.c:1021:13:MX_DMA_Init	1
../Core/Src/main.c:1039:13:MX_GPIO_Init	1
../Core/Src/main.c:1105:6:Error_Handler	1
