../Core/Src/main.c:170:6:UART_Handle	9
../Core/Src/main.c:198:6:UartIdle_Init	1
../Core/Src/main.c:203:6:HAL_UARTEx_RxEventCallback	2
../Core/Src/main.c:211:7:p	1
../Core/Src/main.c:217:6:HAL_TIM_PeriodElapsedCallback	15
../Core/Src/main.c:291:6:SetHome	41
../Core/Src/main.c:390:6:HAL_GPIO_EXTI_Callback	13
../Core/Src/main.c:426:5:main	2
../Core/Src/main.c:539:6:SystemClock_Config	3
../Core/Src/main.c:586:13:MX_TIM1_Init	3
../Core/Src/main.c:636:13:MX_TIM2_Init	3
../Core/Src/main.c:685:13:MX_TIM3_Init	3
../Core/Src/main.c:734:13:MX_TIM4_Init	9
../Core/Src/main.c:805:13:MX_TIM5_Init	3
../Core/Src/main.c:854:13:MX_TIM8_Init	8
../Core/Src/main.c:933:13:MX_TIM9_Init	6
../Core/Src/main.c:989:13:MX_USART3_UART_Init	2
../Core/Src/main.c:1020:13:MX_DMA_Init	1
../Core/Src/main.c:1038:13:MX_GPIO_Init	1
../Core/Src/main.c:1105:6:Error_Handler	1
